2026-01-14 19:17:00,751 - ExtractorAgent - INFO - Starting extraction for data/invoices/invoice_001.pdf
2026-01-14 19:19:50,206 - ExtractorAgent - INFO - Starting extraction for data/invoices/invoice-2-1.pdf
2026-01-14 19:19:50,208 - ExtractorAgent - INFO - Extraction complete for data/invoices/invoice-2-1.pdf
2026-01-14 19:20:34,848 - ExtractorAgent - INFO - Starting extraction for data/invoices/invoice-2-1.pdf
2026-01-14 19:20:34,848 - ExtractorAgent - INFO - Extraction complete for data/invoices/invoice-2-1.pdf
2026-01-14 19:24:13,330 - ExtractorAgent - INFO - Starting extraction for data/invoices/invoice_1.jpg
2026-01-14 19:25:22,830 - ExtractorAgent - INFO - Starting extraction for data/invoices/invoice_1.jpg
2026-01-14 19:25:22,830 - ExtractorAgent - INFO - Extraction complete for data/invoices/invoice_1.jpg
2026-01-14 19:37:04,692 - ExtractorAgent - INFO - Starting extraction for data/invoices/invoice_1.jpg
2026-01-14 19:37:04,692 - ExtractorAgent - INFO - Extraction complete for data/invoices/invoice_1.jpg
2026-01-14 19:44:45,663 - ExtractorAgent - INFO - Starting extraction for data/invoices/invoice-2-1.pdf
2026-01-14 19:44:45,663 - ExtractorAgent - INFO - Extraction complete for data/invoices/invoice-2-1.pdf
2026-01-14 19:44:45,663 - ExtractorAgent - INFO - Starting extraction for data/invoices/invoice_1.jpg
2026-01-14 19:44:45,664 - ExtractorAgent - INFO - Extraction complete for data/invoices/invoice_1.jpg
2026-01-14 19:48:14,153 - ExtractorAgent - INFO - Starting extraction for data/invoices/invoice-2-1.pdf
2026-01-14 19:48:14,156 - ExtractorAgent - INFO - Extraction complete for data/invoices/invoice-2-1.pdf
2026-01-14 19:48:14,157 - ExtractorAgent - INFO - Starting extraction for data/invoices/invoice_1.jpg
2026-01-14 19:48:14,157 - ExtractorAgent - INFO - Extraction complete for data/invoices/invoice_1.jpg
2026-01-14 20:00:07,094 - ExtractorAgent - INFO - Starting extraction for data/invoices/invoice-2-1.pdf
2026-01-14 20:03:36,436 - ExtractorAgent - INFO - Starting extraction for data/invoices/invoice-2-1.pdf
2026-01-14 20:05:30,424 - ExtractorAgent - INFO - Starting extraction for data/invoices/invoice-2-1.pdf
2026-01-14 20:05:30,424 - ExtractorAgent - INFO - Extraction complete for data/invoices/invoice-2-1.pdf
2026-01-14 20:05:30,424 - ExtractorAgent - INFO - Starting extraction for data/invoices/invoice_1.jpg
2026-01-14 20:05:30,424 - ExtractorAgent - INFO - Extraction complete for data/invoices/invoice_1.jpg
2026-01-14 20:59:02,086 - ExtractorAgent - INFO - Starting extraction for data/invoices/invoice-2-1.pdf
2026-01-14 20:59:02,087 - ExtractorAgent - INFO - Extraction complete for data/invoices/invoice-2-1.pdf
2026-01-14 20:59:02,089 - ExtractorAgent - INFO - Starting extraction for data/invoices/invoice_1.jpg
2026-01-14 20:59:02,089 - ExtractorAgent - INFO - Extraction complete for data/invoices/invoice_1.jpg
2026-01-14 21:03:04,002 - ExtractorAgent - INFO - Starting extraction for data/invoices/invoice-2-1.pdf
2026-01-14 21:03:04,014 - ExtractorAgent - INFO - Extraction complete for data/invoices/invoice-2-1.pdf
2026-01-14 21:03:04,014 - ExtractorAgent - INFO - Starting extraction for data/invoices/invoice_1.jpg
2026-01-14 21:03:04,014 - ExtractorAgent - INFO - Extraction complete for data/invoices/invoice_1.jpg
2026-01-14 21:06:38,105 - ExtractorAgent - INFO - Starting extraction for data/invoices/invoice-2-1.pdf
2026-01-14 21:06:38,105 - ExtractorAgent - INFO - Extraction complete for data/invoices/invoice-2-1.pdf
2026-01-14 21:06:38,114 - ExtractorAgent - INFO - Starting extraction for data/invoices/invoice_1.jpg
2026-01-14 21:06:38,114 - ExtractorAgent - INFO - Extraction complete for data/invoices/invoice_1.jpg
2026-01-14 21:14:25,265 - ExtractorAgent - INFO - Starting extraction for data/invoices/invoice-2-1.pdf
2026-01-14 21:14:25,267 - ExtractorAgent - INFO - Extraction complete for data/invoices/invoice-2-1.pdf
2026-01-14 21:14:25,267 - ExtractorAgent - INFO - Starting extraction for data/invoices/invoice_1.jpg
2026-01-14 21:14:25,270 - ExtractorAgent - INFO - Extraction complete for data/invoices/invoice_1.jpg
2026-01-14 21:15:01,323 - ExtractorAgent - INFO - Starting extraction for data/invoice-2-1.pdf
2026-01-14 21:15:01,654 - ExtractorAgent - INFO - Extraction complete for data/invoice-2-1.pdf
2026-01-14 21:15:01,654 - ExtractorAgent - INFO - Starting extraction for data/invoice_1.jpg
2026-01-14 21:15:03,101 - ExtractorAgent - INFO - Extraction complete for data/invoice_1.jpg
2026-01-14 21:17:01,321 - ExtractorAgent - INFO - Starting extraction for data/invoice-2-1.pdf
2026-01-14 21:17:01,661 - ExtractorAgent - INFO - Extraction complete for data/invoice-2-1.pdf
2026-01-14 21:17:01,663 - ExtractorAgent - INFO - Starting extraction for data/invoice_1.jpg
2026-01-14 21:17:03,394 - ExtractorAgent - INFO - Extraction complete for data/invoice_1.jpg
2026-01-14 21:17:13,382 - ExtractorAgent - INFO - Starting extraction for data/invoice-2-1.pdf
2026-01-14 21:17:13,659 - ExtractorAgent - INFO - Extraction complete for data/invoice-2-1.pdf
2026-01-14 21:17:13,659 - ExtractorAgent - INFO - Starting extraction for data/invoice_1.jpg
2026-01-14 21:17:15,368 - ExtractorAgent - INFO - Extraction complete for data/invoice_1.jpg
2026-01-14 21:22:55,791 - ExtractorAgent - INFO - Starting extraction for data/invoice-2-1.pdf
2026-01-14 21:24:15,163 - ExtractorAgent - INFO - Starting extraction for data/invoice-2-1.pdf
2026-01-14 21:24:15,447 - ExtractorAgent - INFO - Extraction complete for data/invoice-2-1.pdf
2026-01-14 21:24:15,449 - ExtractorAgent - INFO - Starting extraction for data/invoice_1.jpg
2026-01-14 21:24:16,832 - ExtractorAgent - INFO - Extraction complete for data/invoice_1.jpg
2026-01-14 21:37:00,912 - ExtractorAgent - INFO - Starting extraction for data/invoice-2-1.pdf
2026-01-14 21:37:01,176 - ExtractorAgent - INFO - Extraction complete for data/invoice-2-1.pdf
2026-01-14 21:37:01,176 - ExtractorAgent - INFO - Starting extraction for data/invoice_1.jpg
2026-01-14 21:37:02,569 - ExtractorAgent - INFO - Extraction complete for data/invoice_1.jpg
2026-01-14 21:37:35,433 - ExtractorAgent - INFO - Starting extraction for data/invoice-2-1.pdf
2026-01-14 21:37:35,694 - ExtractorAgent - INFO - Extraction complete for data/invoice-2-1.pdf
2026-01-14 21:37:35,694 - ExtractorAgent - INFO - Starting extraction for data/invoice_1.jpg
2026-01-14 21:37:37,041 - ExtractorAgent - INFO - Extraction complete for data/invoice_1.jpg
2026-01-14 21:37:48,983 - ExtractorAgent - INFO - Starting extraction for data/invoice-2-1.pdf
2026-01-14 21:37:49,224 - ExtractorAgent - INFO - Extraction complete for data/invoice-2-1.pdf
2026-01-14 21:37:49,224 - ExtractorAgent - INFO - Starting extraction for data/invoice_1.jpg
2026-01-14 21:37:50,610 - ExtractorAgent - INFO - Extraction complete for data/invoice_1.jpg
2026-01-15 08:29:01,341 - ExtractorAgent - INFO - Starting extraction for data/invoice-2-1.pdf
2026-01-15 08:29:01,983 - ExtractorAgent - INFO - Extraction complete for data/invoice-2-1.pdf
2026-01-15 08:29:01,983 - ExtractorAgent - INFO - Starting extraction for data/invoice_1.jpg
2026-01-15 08:29:04,348 - ExtractorAgent - INFO - Extraction complete for data/invoice_1.jpg
2026-01-15 08:39:20,348 - ExtractorAgent - INFO - Starting extraction for data/invoice-2-1.pdf
2026-01-15 08:39:20,604 - ExtractorAgent - INFO - Extraction complete for data/invoice-2-1.pdf
2026-01-15 08:39:20,604 - ExtractorAgent - INFO - Starting extraction for data/invoice_1.jpg
2026-01-15 08:39:22,086 - ExtractorAgent - INFO - Extraction complete for data/invoice_1.jpg
2026-01-15 09:01:26,581 - ExtractorAgent - INFO - Starting extraction for data/invoice-2-1.pdf
2026-01-15 09:01:26,830 - ExtractorAgent - INFO - Extraction complete for data/invoice-2-1.pdf
2026-01-15 09:01:26,830 - ExtractorAgent - INFO - Starting extraction for data/invoice_1.jpg
2026-01-15 09:01:28,276 - ExtractorAgent - INFO - Extraction complete for data/invoice_1.jpg
2026-01-15 09:06:07,870 - ExtractorAgent - INFO - Starting extraction for data/invoice-2-1.pdf
2026-01-15 09:06:08,106 - ExtractorAgent - INFO - Extraction complete for data/invoice-2-1.pdf
2026-01-15 09:06:08,106 - ExtractorAgent - INFO - Starting extraction for data/invoice_1.jpg
2026-01-15 09:06:09,410 - ExtractorAgent - INFO - Extraction complete for data/invoice_1.jpg
2026-01-15 09:07:16,433 - ExtractorAgent - INFO - Starting extraction for data/invoice-2-1.pdf
2026-01-15 09:07:16,683 - ExtractorAgent - INFO - Extraction complete for data/invoice-2-1.pdf
2026-01-15 09:07:16,683 - ExtractorAgent - INFO - Starting extraction for data/invoice_1.jpg
2026-01-15 09:07:18,044 - ExtractorAgent - INFO - Extraction complete for data/invoice_1.jpg
2026-01-15 09:15:40,724 - ExtractorAgent - INFO - Starting extraction for data/invoice-2-1.pdf
2026-01-15 09:15:40,957 - ExtractorAgent - INFO - Extraction complete for data/invoice-2-1.pdf
2026-01-15 09:15:40,957 - ExtractorAgent - INFO - Starting extraction for data/invoice_1.jpg
2026-01-15 09:15:42,290 - ExtractorAgent - INFO - Extraction complete for data/invoice_1.jpg
2026-01-15 09:26:58,457 - ExtractorAgent - INFO - Starting extraction for data/invoice-2-1.pdf
2026-01-15 09:26:58,724 - ExtractorAgent - INFO - Extraction complete for data/invoice-2-1.pdf
2026-01-15 09:26:58,724 - ExtractorAgent - INFO - Starting extraction for data/invoice_1.jpg
2026-01-15 09:27:00,096 - ExtractorAgent - INFO - Extraction complete for data/invoice_1.jpg
2026-01-15 09:28:08,481 - ExtractorAgent - INFO - Starting extraction for data/invoice-2-1.pdf
2026-01-15 09:28:08,732 - ExtractorAgent - INFO - Extraction complete for data/invoice-2-1.pdf
2026-01-15 09:28:08,732 - ExtractorAgent - INFO - Starting extraction for data/invoice_1.jpg
2026-01-15 09:28:10,129 - ExtractorAgent - INFO - Extraction complete for data/invoice_1.jpg
2026-01-15 09:31:30,227 - ExtractorAgent - INFO - Starting extraction for data/invoice-2-1.pdf
2026-01-15 09:31:30,456 - ExtractorAgent - INFO - Extraction complete for data/invoice-2-1.pdf
2026-01-15 09:31:30,464 - ExtractorAgent - INFO - Starting extraction for data/invoice_1.jpg
2026-01-15 09:31:31,813 - ExtractorAgent - INFO - Extraction complete for data/invoice_1.jpg
2026-01-15 09:33:42,258 - ExtractorAgent - INFO - Starting extraction for data/invoice-2-1.pdf
2026-01-15 09:33:42,491 - ExtractorAgent - INFO - Extraction complete for data/invoice-2-1.pdf
2026-01-15 09:33:42,491 - ExtractorAgent - INFO - Starting extraction for data/invoice_1.jpg
2026-01-15 09:33:43,798 - ExtractorAgent - INFO - Extraction complete for data/invoice_1.jpg
2026-01-15 09:40:55,936 - ExtractorAgent - INFO - Starting extraction for data/invoice-2-1.pdf
2026-01-15 09:40:56,170 - ExtractorAgent - INFO - Extraction complete for data/invoice-2-1.pdf
2026-01-15 09:40:56,170 - ExtractorAgent - INFO - Starting extraction for data/invoice_1.jpg
2026-01-15 09:40:57,469 - ExtractorAgent - INFO - Extraction complete for data/invoice_1.jpg
2026-01-15 09:43:42,833 - ExtractorAgent - INFO - Starting extraction for data/invoice-2-1.pdf
2026-01-15 09:43:43,069 - ExtractorAgent - INFO - Extraction complete for data/invoice-2-1.pdf
2026-01-15 09:43:43,069 - ExtractorAgent - INFO - Starting extraction for data/invoice_1.jpg
2026-01-15 09:43:44,351 - ExtractorAgent - INFO - Extraction complete for data/invoice_1.jpg
2026-01-15 09:43:44,351 - ExtractorAgent - INFO - Starting extraction for data/invoice_1.json
2026-01-15 09:44:16,401 - ExtractorAgent - INFO - Starting extraction for data/invoice-2-1.pdf
2026-01-15 09:44:16,628 - ExtractorAgent - INFO - Extraction complete for data/invoice-2-1.pdf
2026-01-15 09:44:16,628 - ExtractorAgent - INFO - Starting extraction for data/invoice_1.jpg
2026-01-15 09:44:17,909 - ExtractorAgent - INFO - Extraction complete for data/invoice_1.jpg
2026-01-15 09:44:17,909 - ExtractorAgent - INFO - Starting extraction for data/invoice_1.json
2026-01-15 09:50:57,907 - ExtractorAgent - INFO - Starting extraction for data/invoice-2-1.pdf
2026-01-15 09:50:58,147 - ExtractorAgent - INFO - Extraction complete for data/invoice-2-1.pdf
2026-01-15 09:50:58,148 - ExtractorAgent - INFO - Starting extraction for data/invoice_1.jpg
2026-01-15 09:50:59,463 - ExtractorAgent - INFO - Extraction complete for data/invoice_1.jpg
2026-01-15 09:50:59,464 - ExtractorAgent - INFO - Starting extraction for data/invoice_1.json
2026-01-15 09:50:59,464 - ExtractorAgent - INFO - Starting extraction for data/invoice_1.csv
2026-01-15 09:55:08,030 - ExtractorAgent - INFO - Starting extraction for data/invoice-2-1.pdf
2026-01-15 09:55:08,260 - ExtractorAgent - INFO - Extraction complete for data/invoice-2-1.pdf
2026-01-15 09:55:08,261 - ExtractorAgent - INFO - Starting extraction for data/invoice_1.jpg
2026-01-15 09:55:09,510 - ExtractorAgent - INFO - Extraction complete for data/invoice_1.jpg
2026-01-15 09:55:09,510 - ExtractorAgent - INFO - Starting extraction for data/invoice_1.json
2026-01-15 09:55:09,510 - ExtractorAgent - INFO - Starting extraction for data/invoice_1.csv
2026-01-15 10:02:46,151 - ExtractorAgent - INFO - Starting extraction for data/invoice-2-1.pdf
2026-01-15 10:02:46,511 - ExtractorAgent - INFO - Extraction complete for data/invoice-2-1.pdf
2026-01-15 10:02:46,511 - ExtractorAgent - INFO - Starting extraction for data/invoice_1.jpg
2026-01-15 10:02:47,972 - ExtractorAgent - INFO - Extraction complete for data/invoice_1.jpg
2026-01-15 10:02:47,972 - ExtractorAgent - INFO - Starting extraction for data/invoice_1.json
2026-01-15 10:02:47,972 - ExtractorAgent - INFO - Starting extraction for data/invoice_1.csv
2026-01-15 11:10:18,202 - ExtractorAgent - INFO - Starting extraction for data/invoices/test_invoices.json
2026-01-15 11:17:06,886 - ExtractorAgent - INFO - Starting extraction for data/invoices/test_invoices.json
2026-01-15 11:17:06,892 - ExtractorAgent - ERROR - Invoice index 17 failed: 1 validation error for InvoiceDetails
total_amount
  Input should be greater than or equal to 0 [type=greater_than_equal, input_value=-59000, input_type=int]
    For further information visit https://errors.pydantic.dev/2.12/v/greater_than_equal
2026-01-15 11:17:06,894 - ExtractorAgent - INFO - Extraction complete: 20 invoices
2026-01-15 11:26:27,465 - ExtractorAgent - INFO - Starting extraction for data/invoices/test_invoices.json
2026-01-15 11:26:27,467 - ExtractorAgent - INFO - Extraction complete: 21 invoices
2026-01-15 11:32:43,858 - ExtractorAgent - INFO - Starting extraction for data/invoices/test_invoices.json
2026-01-15 11:32:43,858 - ExtractorAgent - INFO - Extraction complete: 21 invoices
2026-01-15 11:32:52,155 - ExtractorAgent - INFO - Starting extraction for data/invoices/test_invoices.json
2026-01-15 11:32:52,155 - ExtractorAgent - INFO - Extraction complete: 21 invoices
2026-01-15 11:36:24,106 - ExtractorAgent - INFO - Starting extraction for data/invoices/test_invoices.json
2026-01-15 11:36:24,106 - ExtractorAgent - INFO - Extraction complete: 21 invoices
2026-01-15 11:46:08,624 - ExtractorAgent - INFO - Starting extraction for data/invoices/test_invoices.json
2026-01-15 11:46:08,624 - ExtractorAgent - INFO - Extraction complete: 21 invoices
2026-01-15 13:00:46,374 - ExtractorAgent - INFO - Starting extraction for D:\complience_validators\data\invoices\test_invoices.json
2026-01-15 13:00:46,374 - ExtractorAgent - INFO - Extraction complete: 21 invoices
2026-01-15 13:07:15,744 - ExtractorAgent - INFO - Starting extraction for D:\complience_validators\data\invoices\test_invoices.json
2026-01-15 13:07:15,744 - ExtractorAgent - INFO - Extraction complete: 21 invoices
2026-01-15 13:16:01,132 - ExtractorAgent - INFO - Starting extraction for D:\complience_validators\data\invoices\test_invoices.json
2026-01-15 13:16:01,132 - ExtractorAgent - INFO - Extraction complete: 21 invoices
2026-01-15 13:22:35,817 - ExtractorAgent - INFO - Starting extraction for D:\complience_validators\data\invoices\test_invoices.json
2026-01-15 13:22:35,819 - ExtractorAgent - INFO - Extraction complete: 21 invoices
2026-01-15 13:24:31,976 - ExtractorAgent - INFO - Starting extraction for D:\complience_validators\data\invoices\test_invoices.json
2026-01-15 13:24:31,976 - ExtractorAgent - INFO - Extraction complete: 21 invoices
2026-01-15 13:40:27,935 - ExtractorAgent - INFO - Starting extraction for D:\complience_validators\data\invoices\test_invoices.json
2026-01-15 13:40:27,935 - ExtractorAgent - INFO - Extraction complete: 21 invoices
2026-01-15 13:51:10,115 - ExtractorAgent - INFO - Starting extraction for D:\complience_validators\data\invoices\test_invoices.json
2026-01-15 13:51:10,115 - ExtractorAgent - INFO - Extraction complete: 21 invoices
2026-01-15 14:00:48,169 - ExtractorAgent - INFO - Starting extraction for D:\complience_validators\data\invoices\test_invoices.json
2026-01-15 14:00:48,169 - ExtractorAgent - INFO - Extraction complete: 21 invoices
